// Jest Snapshot v1, https://goo.gl/fbAQLP

exports[`Login container renders without crashing 1`] = `
<div>
  <LoginPresentationComponent
    handleChange={[Function]}
    handleSubmit={[Function]}
  />
</div>
`;
